// Jest Snapshot v1, https://goo.gl/fbAQLP

exports[`rdme versions* rdme versions should get a specific version object if version flag provided 1`] = `
"[1mVersion:[22m 1.0.0
[1mCodename:[22m None
[1mCreated on:[22m 2019-06-17T22:39:56.462Z
[1mReleased on:[22m undefined
[90m┌───────────────┬───────────┬─────────┬───────────┐[39m
[90m│[39m[31m [1mIs deprecated[22m [39m[90m│[39m[31m [1mIs hidden[22m [39m[90m│[39m[31m [1mIs beta[22m [39m[90m│[39m[31m [1mIs stable[22m [39m[90m│[39m
[90m├───────────────┼───────────┼─────────┼───────────┤[39m
[90m│[39m no            [90m│[39m no        [90m│[39m no      [90m│[39m yes       [90m│[39m
[90m└───────────────┴───────────┴─────────┴───────────┘[39m"
`;

exports[`rdme versions* rdme versions should make a request to get a list of existing versions 1`] = `
"[90m┌─────────┬──────────┬───────────────┬───────────┬─────────┬───────────┬──────────────────────────┐[39m
[90m│[39m[31m [1mVersion[22m [39m[90m│[39m[31m [1mCodename[22m [39m[90m│[39m[31m [1mIs deprecated[22m [39m[90m│[39m[31m [1mIs hidden[22m [39m[90m│[39m[31m [1mIs beta[22m [39m[90m│[39m[31m [1mIs stable[22m [39m[90m│[39m[31m [1mCreated on[22m               [39m[90m│[39m
[90m├─────────┼──────────┼───────────────┼───────────┼─────────┼───────────┼──────────────────────────┤[39m
[90m│[39m 1.0.0   [90m│[39m None     [90m│[39m no            [90m│[39m no        [90m│[39m no      [90m│[39m yes       [90m│[39m 2019-06-17T22:39:56.462Z [90m│[39m
[90m├─────────┼──────────┼───────────────┼───────────┼─────────┼───────────┼──────────────────────────┤[39m
[90m│[39m 2.0.0   [90m│[39m None     [90m│[39m no            [90m│[39m no        [90m│[39m no      [90m│[39m yes       [90m│[39m 2019-06-17T22:39:56.462Z [90m│[39m
[90m└─────────┴──────────┴───────────────┴───────────┴─────────┴───────────┴──────────────────────────┘[39m"
`;
