// Vitest Snapshot v1, https://vitest.dev/guide/snapshot.html

exports[`cli > --help > should not surface args that are designated as hidden 1`] = `
"
Upload, or resync, your OpenAPI/Swagger definition to ReadMe.

Usage

  rdme openapi [file|url] [options] 

Options

  --key string                Project API key                                   
  --id string                 Unique identifier for your API definition. Use    
                              this if you're re-uploading an existing API       
                              definition.                                       
  --version string            Project version. If running command in a CI       
                              environment and this option is not passed, the    
                              main project version will be used.                
  --workingDirectory string   Working directory (for usage with relative        
                              external references)                              
  --useSpecVersion            Uses the version listed in the \`info.version\`     
                              field in the API definition for the project       
                              version parameter.                                
  --raw                       Return the command results as a JSON object       
                              instead of a pretty output.                       
  --github                    Create a new GitHub Actions workflow for this     
                              command.                                          
  --create                    Bypasses the create/update prompt and creates a   
                              new API definition.                               
  --update                    Automatically update an existing API definition   
                              in ReadMe if it's the only one associated with    
                              the current version.                              
  --title string              An override value for the \`info.title\` field in   
                              the API definition                                
  --dryRun                    Runs the command without creating/updating any    
                              API Definitions in ReadMe. Useful for debugging.  
  -h, --help                  Display this usage guide                          

Related commands

  $ rdme openapi:convert    Convert a Swagger or Postman Collection to OpenAPI. 
  $ rdme openapi:inspect    Analyze an OpenAPI/Swagger definition for various   
                            OpenAPI and ReadMe feature usage.                   
  $ rdme openapi:reduce     Reduce an OpenAPI definition into a smaller subset. 
  $ rdme openapi:validate   Validate your OpenAPI/Swagger definition.           
"
`;

exports[`cli > --help > should print usage for a given command 1`] = `
"
Upload, or resync, your OpenAPI/Swagger definition to ReadMe.

Usage

  rdme openapi [file|url] [options] 

Options

  --key string                Project API key                                   
  --id string                 Unique identifier for your API definition. Use    
                              this if you're re-uploading an existing API       
                              definition.                                       
  --version string            Project version. If running command in a CI       
                              environment and this option is not passed, the    
                              main project version will be used.                
  --workingDirectory string   Working directory (for usage with relative        
                              external references)                              
  --useSpecVersion            Uses the version listed in the \`info.version\`     
                              field in the API definition for the project       
                              version parameter.                                
  --raw                       Return the command results as a JSON object       
                              instead of a pretty output.                       
  --github                    Create a new GitHub Actions workflow for this     
                              command.                                          
  --create                    Bypasses the create/update prompt and creates a   
                              new API definition.                               
  --update                    Automatically update an existing API definition   
                              in ReadMe if it's the only one associated with    
                              the current version.                              
  --title string              An override value for the \`info.title\` field in   
                              the API definition                                
  --dryRun                    Runs the command without creating/updating any    
                              API Definitions in ReadMe. Useful for debugging.  
  -h, --help                  Display this usage guide                          

Related commands

  $ rdme openapi:convert    Convert a Swagger or Postman Collection to OpenAPI. 
  $ rdme openapi:inspect    Analyze an OpenAPI/Swagger definition for various   
                            OpenAPI and ReadMe feature usage.                   
  $ rdme openapi:reduce     Reduce an OpenAPI definition into a smaller subset. 
  $ rdme openapi:validate   Validate your OpenAPI/Swagger definition.           
"
`;

exports[`cli > --help > should print usage for a given command if supplied as \`help <command>\` 1`] = `
"
Upload, or resync, your OpenAPI/Swagger definition to ReadMe.

Usage

  rdme openapi [file|url] [options] 

Options

  --key string                Project API key                                   
  --id string                 Unique identifier for your API definition. Use    
                              this if you're re-uploading an existing API       
                              definition.                                       
  --version string            Project version. If running command in a CI       
                              environment and this option is not passed, the    
                              main project version will be used.                
  --workingDirectory string   Working directory (for usage with relative        
                              external references)                              
  --useSpecVersion            Uses the version listed in the \`info.version\`     
                              field in the API definition for the project       
                              version parameter.                                
  --raw                       Return the command results as a JSON object       
                              instead of a pretty output.                       
  --github                    Create a new GitHub Actions workflow for this     
                              command.                                          
  --create                    Bypasses the create/update prompt and creates a   
                              new API definition.                               
  --update                    Automatically update an existing API definition   
                              in ReadMe if it's the only one associated with    
                              the current version.                              
  --title string              An override value for the \`info.title\` field in   
                              the API definition                                
  --dryRun                    Runs the command without creating/updating any    
                              API Definitions in ReadMe. Useful for debugging.  
  -h, --help                  Display this usage guide                          

Related commands

  $ rdme openapi:convert    Convert a Swagger or Postman Collection to OpenAPI. 
  $ rdme openapi:inspect    Analyze an OpenAPI/Swagger definition for various   
                            OpenAPI and ReadMe feature usage.                   
  $ rdme openapi:reduce     Reduce an OpenAPI definition into a smaller subset. 
  $ rdme openapi:validate   Validate your OpenAPI/Swagger definition.           
"
`;

exports[`cli > --help > should show related commands for a subcommands help menu 1`] = `
"
List versions available in your project or get a version by SemVer (https://semver.org/).

Usage

  rdme versions [options] 

Options

  --key string       Project API key                     
  --version string   A specific project version to view. 
  -h, --help         Display this usage guide            

Related commands

  $ rdme versions:create   Create a new version for your project.               
  $ rdme versions:delete   Delete a version associated with your ReadMe         
                           project.                                             
  $ rdme versions:update   Update an existing version for your project.         
"
`;
